
> tgpro-admin@1.0.0 build
> nuxt build

[nuxi] Nuxt 3.20.0 (with Nitro 2.12.9, Rolldown-Vite 7.1.20 and Vue 3.5.22)
[nuxt:tailwindcss] ℹ Using default Tailwind CSS file
ℹ Nuxt Icon server bundle mode is set to local
✔ Nuxt Icon discovered local-installed 1 collections: heroicons
[nuxi] ℹ Building for Nitro preset: node-server
ℹ Building client...
ℹ rolldown-vite v7.1.20 building for production...
[2Ktransforming...✓ 842 modules transformed.
rendering chunks...
computing gzip size...
.nuxt/dist/client/_nuxt/logo.BrdvnK5O.png                  11.75 kB
.nuxt/dist/client/manifest.json                            46.13 kB │ gzip:  4.14 kB
.nuxt/dist/client/_nuxt/Select.qOczc23w.css                 0.05 kB │ gzip:  0.07 kB
.nuxt/dist/client/_nuxt/pages.BoerGEM8.css                  0.05 kB │ gzip:  0.07 kB
.nuxt/dist/client/_nuxt/CommandPaletteGroup.DEQs0rUo.css    0.09 kB │ gzip:  0.09 kB
.nuxt/dist/client/_nuxt/Carousel.jsXCKPF9.css               0.14 kB │ gzip:  0.11 kB
.nuxt/dist/client/_nuxt/dashboard-backup.DCiLoxMK.css       0.15 kB │ gzip:  0.14 kB
.nuxt/dist/client/_nuxt/error-500.D7NsHo3d.css              1.88 kB │ gzip:  0.72 kB
.nuxt/dist/client/_nuxt/Progress.CHvSUnJY.css               3.53 kB │ gzip:  0.47 kB
.nuxt/dist/client/_nuxt/error-404.vNO2xfl0.css              3.93 kB │ gzip:  1.18 kB
.nuxt/dist/client/_nuxt/A9PEUPEZ.js                         0.02 kB │ gzip:  0.04 kB
.nuxt/dist/client/_nuxt/COgwmgz8.js                         0.04 kB │ gzip:  0.06 kB
.nuxt/dist/client/_nuxt/Dgqk4ym6.js                         0.05 kB │ gzip:  0.07 kB
.nuxt/dist/client/_nuxt/3eRyQaHM.js                         0.07 kB │ gzip:  0.09 kB
.nuxt/dist/client/_nuxt/DIkjwio7.js                         0.08 kB │ gzip:  0.09 kB
.nuxt/dist/client/_nuxt/67Tb_EYO.js                         0.09 kB │ gzip:  0.09 kB
.nuxt/dist/client/_nuxt/C3SLeBUe.js                         0.09 kB │ gzip:  0.09 kB
.nuxt/dist/client/_nuxt/DSJnNdN8.js                         0.09 kB │ gzip:  0.09 kB
.nuxt/dist/client/_nuxt/Dls6z1C8.js                         0.09 kB │ gzip:  0.09 kB
.nuxt/dist/client/_nuxt/Qk3Sq1Mw.js                         0.09 kB │ gzip:  0.09 kB
.nuxt/dist/client/_nuxt/pjMdxHVL.js                         0.09 kB │ gzip:  0.09 kB
.nuxt/dist/client/_nuxt/CEsh8JgZ.js                         0.12 kB │ gzip:  0.10 kB
.nuxt/dist/client/_nuxt/Cw3ni-F_.js                         0.12 kB │ gzip:  0.10 kB
.nuxt/dist/client/_nuxt/lYwC3KoU.js                         0.12 kB │ gzip:  0.10 kB
.nuxt/dist/client/_nuxt/Cs22Bqty.js                         0.14 kB │ gzip:  0.13 kB
.nuxt/dist/client/_nuxt/DlnAjxhd.js                         0.14 kB │ gzip:  0.11 kB
.nuxt/dist/client/_nuxt/BRuKLUKH.js                         0.16 kB │ gzip:  0.12 kB
.nuxt/dist/client/_nuxt/CW00qadD.js                         0.16 kB │ gzip:  0.12 kB
.nuxt/dist/client/_nuxt/DeNiMW7b.js                         0.18 kB │ gzip:  0.13 kB
.nuxt/dist/client/_nuxt/EGMz2JX8.js                         0.18 kB │ gzip:  0.13 kB
.nuxt/dist/client/_nuxt/j8SmriWp.js                         0.20 kB │ gzip:  0.14 kB
.nuxt/dist/client/_nuxt/DWN1ldoV.js                         0.25 kB │ gzip:  0.15 kB
.nuxt/dist/client/_nuxt/CRBjHrPm.js                         0.27 kB │ gzip:  0.16 kB
.nuxt/dist/client/_nuxt/CHuLI8DO.js                         0.29 kB │ gzip:  0.21 kB
.nuxt/dist/client/_nuxt/ShgIRG-6.js                         0.31 kB │ gzip:  0.18 kB
.nuxt/dist/client/_nuxt/0tJEzZvb.js                         0.36 kB │ gzip:  0.20 kB
.nuxt/dist/client/_nuxt/C_nFwXMz.js                         0.40 kB │ gzip:  0.29 kB
.nuxt/dist/client/_nuxt/CGjrwc1o.js                         0.40 kB │ gzip:  0.29 kB
.nuxt/dist/client/_nuxt/Bqn17BjR.js                         0.42 kB │ gzip:  0.22 kB
.nuxt/dist/client/_nuxt/B7Qmjfag.js                         0.44 kB │ gzip:  0.29 kB
.nuxt/dist/client/_nuxt/SXl3dSNC.js                         0.44 kB │ gzip:  0.29 kB
.nuxt/dist/client/_nuxt/DaEV_UzN.js                         0.44 kB │ gzip:  0.27 kB
.nuxt/dist/client/_nuxt/DhOtEPWv.js                         0.67 kB │ gzip:  0.40 kB
.nuxt/dist/client/_nuxt/D7pgi2KG.js                         0.68 kB │ gzip:  0.45 kB
.nuxt/dist/client/_nuxt/CzgXOKTt.js                         0.73 kB │ gzip:  0.44 kB
.nuxt/dist/client/_nuxt/BRXg6qvp.js                         0.78 kB │ gzip:  0.42 kB
.nuxt/dist/client/_nuxt/zDMvqYs8.js                         0.86 kB │ gzip:  0.49 kB
.nuxt/dist/client/_nuxt/D2mFQBhC.js                         0.90 kB │ gzip:  0.49 kB
.nuxt/dist/client/_nuxt/BI9MAVJA.js                         0.92 kB │ gzip:  0.46 kB
.nuxt/dist/client/_nuxt/E_LPVrIT.js                         0.94 kB │ gzip:  0.49 kB
.nuxt/dist/client/_nuxt/CTuFlxdm.js                         0.96 kB │ gzip:  0.55 kB
.nuxt/dist/client/_nuxt/CeHOzdRM.js                         1.01 kB │ gzip:  0.56 kB
.nuxt/dist/client/_nuxt/D7YSskZj.js                         1.05 kB │ gzip:  0.55 kB
.nuxt/dist/client/_nuxt/BYleL871.js                         1.15 kB │ gzip:  0.63 kB
.nuxt/dist/client/_nuxt/DlDUUfKO.js                         1.20 kB │ gzip:  0.58 kB
.nuxt/dist/client/_nuxt/B4Ub60w2.js                         1.26 kB │ gzip:  0.60 kB
.nuxt/dist/client/_nuxt/LEa1DSmQ.js                         1.31 kB │ gzip:  0.64 kB
.nuxt/dist/client/_nuxt/DYtTzf69.js                         1.37 kB │ gzip:  0.69 kB
.nuxt/dist/client/_nuxt/DFMB9ooO.js                         1.41 kB │ gzip:  0.75 kB
.nuxt/dist/client/_nuxt/D61tGMw0.js                         1.44 kB │ gzip:  0.79 kB
.nuxt/dist/client/_nuxt/oozjCL-6.js                         1.51 kB │ gzip:  0.68 kB
.nuxt/dist/client/_nuxt/BP18sJdU.js                         1.56 kB │ gzip:  0.64 kB
.nuxt/dist/client/_nuxt/Bao7iFaw.js                         1.96 kB │ gzip:  0.84 kB
.nuxt/dist/client/_nuxt/DbWnlL79.js                         2.04 kB │ gzip:  0.95 kB
.nuxt/dist/client/_nuxt/zsh-dHjX.js                         2.04 kB │ gzip:  0.90 kB
.nuxt/dist/client/_nuxt/D0z6O3uE.js                         2.28 kB │ gzip:  1.08 kB
.nuxt/dist/client/_nuxt/CXDfamt-.js                         2.29 kB │ gzip:  0.99 kB
.nuxt/dist/client/_nuxt/DEngHvBQ.js                         2.35 kB │ gzip:  1.03 kB
.nuxt/dist/client/_nuxt/zK87i5GN.js                         2.39 kB │ gzip:  1.02 kB
.nuxt/dist/client/_nuxt/DqpmemQ9.js                         2.40 kB │ gzip:  0.93 kB
.nuxt/dist/client/_nuxt/Cj7mlgLS.js                         2.43 kB │ gzip:  1.06 kB
.nuxt/dist/client/_nuxt/BRonz_XH.js                         2.43 kB │ gzip:  1.10 kB
.nuxt/dist/client/_nuxt/DTcpRLYZ.js                         2.47 kB │ gzip:  1.13 kB
.nuxt/dist/client/_nuxt/BGUUBup9.js                         2.49 kB │ gzip:  1.04 kB
.nuxt/dist/client/_nuxt/cHd-GyPf.js                         2.59 kB │ gzip:  1.19 kB
.nuxt/dist/client/_nuxt/Ce77MVTJ.js                         2.87 kB │ gzip:  1.26 kB
.nuxt/dist/client/_nuxt/BDMJEj6v.js                         2.89 kB │ gzip:  1.17 kB
.nuxt/dist/client/_nuxt/Bnr1td49.js                         2.95 kB │ gzip:  0.98 kB
.nuxt/dist/client/_nuxt/BXjDYyLx.js                         3.16 kB │ gzip:  1.28 kB
.nuxt/dist/client/_nuxt/DyDh1q_E.js                         3.24 kB │ gzip:  1.29 kB
.nuxt/dist/client/_nuxt/CwGc8jp5.js                         3.31 kB │ gzip:  1.19 kB
.nuxt/dist/client/_nuxt/jA79VY1U.js                         3.35 kB │ gzip:  1.63 kB
.nuxt/dist/client/_nuxt/DfJIqgV5.js                         3.36 kB │ gzip:  1.39 kB
.nuxt/dist/client/_nuxt/Ccxv22TL.js                         3.40 kB │ gzip:  1.41 kB
.nuxt/dist/client/_nuxt/LHpyQoSE.js                         3.40 kB │ gzip:  1.54 kB
.nuxt/dist/client/_nuxt/BFXA3pZp.js                         3.48 kB │ gzip:  1.31 kB
.nuxt/dist/client/_nuxt/BOwzyBia.js                         3.55 kB │ gzip:  1.63 kB
.nuxt/dist/client/_nuxt/DueaR7K2.js                         3.68 kB │ gzip:  1.63 kB
.nuxt/dist/client/_nuxt/BKriIhDY.js                         3.72 kB │ gzip:  1.74 kB
.nuxt/dist/client/_nuxt/D4qmnudz.js                         3.75 kB │ gzip:  1.70 kB
.nuxt/dist/client/_nuxt/BPTFyF6N.js                         3.91 kB │ gzip:  1.45 kB
.nuxt/dist/client/_nuxt/D6nVzZMw.js                         4.01 kB │ gzip:  1.63 kB
.nuxt/dist/client/_nuxt/DFHLwyzV.js                         4.73 kB │ gzip:  1.79 kB
.nuxt/dist/client/_nuxt/yGuyb70Y.js                         4.83 kB │ gzip:  1.69 kB
.nuxt/dist/client/_nuxt/OK9dRHye.js                         5.04 kB │ gzip:  1.73 kB
.nuxt/dist/client/_nuxt/DMyphMCE.js                         5.75 kB │ gzip:  1.86 kB
.nuxt/dist/client/_nuxt/D0vKMuBs.js                         5.98 kB │ gzip:  2.70 kB
.nuxt/dist/client/_nuxt/DJjjBnMj.js                         6.48 kB │ gzip:  2.45 kB
.nuxt/dist/client/_nuxt/loDsm9wQ.js                         7.00 kB │ gzip:  2.65 kB
.nuxt/dist/client/_nuxt/3_HLL024.js                         7.71 kB │ gzip:  3.33 kB
.nuxt/dist/client/_nuxt/qd7ueU8x.js                         8.98 kB │ gzip:  3.14 kB
.nuxt/dist/client/_nuxt/C_sYLNKm.js                         9.42 kB │ gzip:  2.75 kB
.nuxt/dist/client/_nuxt/DPmEntNl.js                         9.67 kB │ gzip:  3.27 kB
.nuxt/dist/client/_nuxt/BVNATFEW.js                        10.23 kB │ gzip:  3.46 kB
.nuxt/dist/client/_nuxt/D3EhPOWh.js                        10.56 kB │ gzip:  3.80 kB
.nuxt/dist/client/_nuxt/UxcrN8o8.js                        10.81 kB │ gzip:  3.38 kB
.nuxt/dist/client/_nuxt/brp2JU4k.js                        11.44 kB │ gzip:  3.40 kB
.nuxt/dist/client/_nuxt/CjrhCVI5.js                        11.63 kB │ gzip:  3.57 kB
.nuxt/dist/client/_nuxt/CU__rLG5.js                        11.83 kB │ gzip:  3.69 kB
.nuxt/dist/client/_nuxt/C8XCDSPz.js                        12.37 kB │ gzip:  3.42 kB
.nuxt/dist/client/_nuxt/DT_I4kTP.js                        12.50 kB │ gzip:  4.55 kB
.nuxt/dist/client/_nuxt/Di0weonD.js                        12.64 kB │ gzip:  3.79 kB
.nuxt/dist/client/_nuxt/DouUox4S.js                        13.03 kB │ gzip:  4.44 kB
.nuxt/dist/client/_nuxt/B_kAciK0.js                        14.40 kB │ gzip:  3.82 kB
.nuxt/dist/client/_nuxt/RuA1QSf7.js                        15.80 kB │ gzip:  4.57 kB
.nuxt/dist/client/_nuxt/B4UxVObz.js                        16.43 kB │ gzip:  4.21 kB
.nuxt/dist/client/_nuxt/BqbkjmI1.js                        18.92 kB │ gzip:  6.81 kB
.nuxt/dist/client/_nuxt/BGmOJKOs.js                        19.65 kB │ gzip:  5.03 kB
.nuxt/dist/client/_nuxt/LlPzO8Ro.js                        19.72 kB │ gzip:  7.21 kB
.nuxt/dist/client/_nuxt/BtPuEpjY.js                        20.71 kB │ gzip:  6.30 kB
.nuxt/dist/client/_nuxt/B2WMCDvN.js                        22.68 kB │ gzip:  7.05 kB
.nuxt/dist/client/_nuxt/BWrDuCQE.js                        24.60 kB │ gzip:  9.02 kB
.nuxt/dist/client/_nuxt/CAQ1Ln2M.js                        31.18 kB │ gzip:  9.69 kB
.nuxt/dist/client/_nuxt/DjMnKCu7.js                        48.15 kB │ gzip:  8.65 kB
.nuxt/dist/client/_nuxt/N73lurO6.js                       265.03 kB │ gzip: 97.34 kB
ℹ ✓ built in 3.69s
✔ Client built in 3713ms
ℹ Building server...
ℹ rolldown-vite v7.1.20 building SSR bundle for production...
[2Ktransforming...✓ 431 modules transformed.
rendering chunks...
.nuxt/dist/server/_nuxt/index-styles.DyNgxd-K.mjs                  0.07 kB
.nuxt/dist/server/_nuxt/Select-styles.C2Tiuw2F.mjs                 0.08 kB
.nuxt/dist/server/_nuxt/Carousel-styles.CJ0nmSk3.mjs               0.08 kB
.nuxt/dist/server/_nuxt/Progress-styles.DykUmswg.mjs               0.08 kB
.nuxt/dist/server/_nuxt/error-500-styles.CQ9QMcfF.mjs              0.08 kB
.nuxt/dist/server/_nuxt/error-404-styles.Zz7akOvl.mjs              0.08 kB
.nuxt/dist/server/_nuxt/dashboard-backup-styles.GDZALfo3.mjs       0.09 kB
.nuxt/dist/server/_nuxt/CommandPaletteGroup-styles.TUp_8vvx.mjs    0.09 kB
.nuxt/dist/server/_nuxt/index-styles.vr9JTQhw.mjs                  0.14 kB
.nuxt/dist/server/_nuxt/Select-styles.CXEa8EWu.mjs                 0.14 kB
.nuxt/dist/server/_nuxt/Progress-styles.CvsQSy7m.mjs               0.14 kB
.nuxt/dist/server/_nuxt/Carousel-styles.Bl2hQAYN.mjs               0.14 kB
.nuxt/dist/server/_nuxt/error-404-styles.DINfcUux.mjs              0.14 kB
.nuxt/dist/server/_nuxt/error-500-styles.D6FpyxNC.mjs              0.14 kB
.nuxt/dist/server/_nuxt/dashboard-backup-styles.DsKanNo8.mjs       0.16 kB
.nuxt/dist/server/_nuxt/CommandPaletteGroup-styles.B479_Spv.mjs    0.16 kB
.nuxt/dist/server/_nuxt/entry-styles.BlcjqpL5.mjs                  0.20 kB
.nuxt/dist/server/styles.mjs                                       2.71 kB
.nuxt/dist/server/_nuxt/interval-BZ5NHAfS.js                       0.01 kB
.nuxt/dist/server/_nuxt/components-CqoEyeNn.js                     0.11 kB
.nuxt/dist/server/_nuxt/server-placeholder-BOvhNubJ.js             0.11 kB
.nuxt/dist/server/_nuxt/logo-C6xj12lo.js                           0.13 kB │ map:   0.20 kB
.nuxt/dist/server/_nuxt/Link-CL8ivRbg.js                           0.14 kB
.nuxt/dist/server/_nuxt/composables-BTIC2kjU.js                    0.16 kB │ map:   1.25 kB
.nuxt/dist/server/_nuxt/Kbd-B6q0WgYi.js                            0.16 kB
.nuxt/dist/server/_nuxt/Card-CV7B2HPk.js                           0.16 kB
.nuxt/dist/server/_nuxt/Icon-BQxbVddL.js                           0.17 kB
.nuxt/dist/server/_nuxt/Progress-CDhee4s0.js                       0.18 kB
.nuxt/dist/server/_nuxt/FormGroup-C-BMHVTQ.js                      0.18 kB
.nuxt/dist/server/index-styles-1.mjs.mjs                           0.20 kB
.nuxt/dist/server/index-styles-2.mjs.mjs                           0.20 kB
.nuxt/dist/server/Select-styles-1.mjs.mjs                          0.20 kB
.nuxt/dist/server/Select-styles-2.mjs.mjs                          0.20 kB
.nuxt/dist/server/_nuxt/Radio-aeVn_7jN.js                          0.20 kB
.nuxt/dist/server/Carousel-styles-1.mjs.mjs                        0.21 kB
.nuxt/dist/server/Carousel-styles-2.mjs.mjs                        0.21 kB
.nuxt/dist/server/Progress-styles-1.mjs.mjs                        0.21 kB
.nuxt/dist/server/Progress-styles-2.mjs.mjs                        0.21 kB
.nuxt/dist/server/CommandPaletteGroup-styles-1.mjs.mjs             0.21 kB
.nuxt/dist/server/CommandPaletteGroup-styles-2.mjs.mjs             0.21 kB
.nuxt/dist/server/error-404-styles-1.mjs.mjs                       0.21 kB
.nuxt/dist/server/error-404-styles-2.mjs.mjs                       0.21 kB
.nuxt/dist/server/error-500-styles-1.mjs.mjs                       0.21 kB
.nuxt/dist/server/error-500-styles-2.mjs.mjs                       0.21 kB
.nuxt/dist/server/_nuxt/micro-task-CYdHJ3PN.js                     0.21 kB │ map:   0.47 kB
.nuxt/dist/server/_nuxt/Checkbox-DU9jOqk6.js                       0.21 kB
.nuxt/dist/server/_nuxt/Textarea-ClW9ULmm.js                       0.21 kB
.nuxt/dist/server/_nuxt/_plugin-vue_export-helper-COMwgem8.js      0.22 kB
.nuxt/dist/server/_nuxt/auth-Dd1UmxXA.js                           0.22 kB │ map:   2.53 kB
.nuxt/dist/server/dashboard-backup-styles-1.mjs.mjs                0.23 kB
.nuxt/dist/server/dashboard-backup-styles-2.mjs.mjs                0.23 kB
.nuxt/dist/server/_nuxt/Avatar-RiJ55zLR.js                         0.23 kB
.nuxt/dist/server/_nuxt/index.vue-DWTXSh-v.js                      0.25 kB │ map:   5.71 kB
.nuxt/dist/server/_nuxt/Select.vue-CjRSPItk.js                     0.25 kB │ map:  10.35 kB
.nuxt/dist/server/_nuxt/Divider-Ddhjrdke.js                        0.27 kB
.nuxt/dist/server/_nuxt/Badge-Bb9IcqQP.js                          0.27 kB
.nuxt/dist/server/_nuxt/CommandPaletteGroup.vue-D5NflAOD.js        0.30 kB │ map:   6.13 kB
.nuxt/dist/server/_nuxt/Button-B1clF2nP.js                         0.30 kB
.nuxt/dist/server/entry-styles-3.mjs.mjs                           0.31 kB │ map:   0.32 kB
.nuxt/dist/server/_nuxt/Input-CbhZIhGI.js                          0.31 kB
.nuxt/dist/server/_nuxt/Select-Cx-ISQOC.js                         0.31 kB
.nuxt/dist/server/_nuxt/Carousel.vue-iJesErSU.js                   0.34 kB │ map:   5.55 kB
.nuxt/dist/server/_nuxt/dashboard-backup.vue-CAfZDVzJ.js           0.38 kB │ map:  14.74 kB
.nuxt/dist/server/_nuxt/Notification-DJwR7WOQ.js                   0.38 kB
.nuxt/dist/server/_nuxt/open-closed-Dsm1EOia.js                    0.41 kB │ map:   0.85 kB
.nuxt/dist/server/_nuxt/Toggle-D7wSDC1Y.js                         0.45 kB
.nuxt/dist/server/_nuxt/Modal-BbhoxMMu.js                          0.53 kB
.nuxt/dist/server/_nuxt/use-resolve-button-type-eioNRL5V.js        0.55 kB │ map:   1.08 kB
.nuxt/dist/server/_nuxt/Dropdown-YMSaHnp6.js                       0.62 kB
.nuxt/dist/server/_nuxt/CommandPaletteGroup-Dpky3S1g.js            0.75 kB
.nuxt/dist/server/_nuxt/island-renderer-TDemMNLa.js                0.82 kB │ map:   1.69 kB
.nuxt/dist/server/_nuxt/useToast-C_VA77Lb.js                       0.91 kB │ map:   1.73 kB
.nuxt/dist/server/_nuxt/hidden-Bsn3DsxF.js                         1.11 kB │ map:   1.72 kB
.nuxt/dist/server/_nuxt/form-1BInePM-.js                           1.26 kB │ map:   2.55 kB
.nuxt/dist/server/_nuxt/Icon-CrxV3u_Z.js                           1.29 kB │ map:   0.99 kB
.nuxt/dist/server/_nuxt/use-text-value-BRFxtlLF.js                 1.32 kB │ map:   2.53 kB
.nuxt/dist/server/_nuxt/description-Y4p4EFv6.js                    1.35 kB │ map:   2.45 kB
.nuxt/dist/server/_nuxt/useFormGroup-ZK-CpXpd.js                   1.56 kB │ map:   2.76 kB
.nuxt/dist/server/_nuxt/useButtonGroup-1gNuWR3y.js                 1.67 kB │ map:   3.26 kB
.nuxt/dist/server/_nuxt/calculate-active-index-B5ynhl2N.js         1.91 kB │ map:   3.69 kB
.nuxt/dist/server/_nuxt/active-element-history-DJ1NL7os.js         1.97 kB │ map:   3.83 kB
.nuxt/dist/server/_nuxt/Skeleton-DTw_175A.js                       2.06 kB │ map:   1.96 kB
.nuxt/dist/server/_nuxt/error-500.vue-dSvJTKF3.js                  2.09 kB │ map:   5.08 kB
.nuxt/dist/server/_nuxt/use-outside-click-B4rja7ys.js              2.21 kB │ map:   4.37 kB
.nuxt/dist/server/_nuxt/ButtonGroup-CEm0fqt9.js                    2.22 kB │ map:   3.11 kB
.nuxt/dist/server/_nuxt/Kbd-DfgTbPkH.js                            2.30 kB │ map:   2.40 kB
.nuxt/dist/server/_nuxt/Container-CU98n4RS.js                      2.32 kB │ map:   2.05 kB
.nuxt/dist/server/_nuxt/AvatarGroup-B678Y04S.js                    2.61 kB │ map:   3.74 kB
.nuxt/dist/server/_nuxt/Chip-CwJm2tnn.js                           3.11 kB │ map:   3.51 kB
.nuxt/dist/server/_nuxt/ContextMenu-CjvrV2EK.js                    3.32 kB │ map:   3.77 kB
.nuxt/dist/server/_nuxt/Notifications-D82kc3kv.js                  3.71 kB │ map:   3.38 kB
.nuxt/dist/server/_nuxt/Progress.vue-BMScRewe.js                   3.74 kB │ map:   8.93 kB
.nuxt/dist/server/_nuxt/Card-BW8lEMKL.js                           4.06 kB │ map:   3.45 kB
.nuxt/dist/server/_nuxt/Divider-BOi8lZZz.js                        4.13 kB │ map:   4.90 kB
.nuxt/dist/server/_nuxt/error-404.vue-DwfotqHI.js                  4.15 kB │ map:   6.77 kB
.nuxt/dist/server/_nuxt/error-500-BUETGIOb.js                      4.32 kB │ map:   5.37 kB
.nuxt/dist/server/_nuxt/focus-management-DFaZHIRF.js               4.38 kB │ map:   8.28 kB
.nuxt/dist/server/_nuxt/pages-9WyMgO--.js                          4.46 kB │ map:  12.18 kB
.nuxt/dist/server/_nuxt/keyboard-CvjRf4Wb.js                       4.70 kB │ map:   8.38 kB
.nuxt/dist/server/_nuxt/Range-DmYjY98D.js                          4.70 kB │ map:   7.21 kB
.nuxt/dist/server/_nuxt/Radio-D1sw1YBO.js                          4.75 kB │ map:   5.97 kB
.nuxt/dist/server/_nuxt/Tooltip-eZfphyc4.js                        4.84 kB │ map:   5.60 kB
.nuxt/dist/server/_nuxt/Link-xfGBFWPh.js                           4.87 kB │ map:   5.60 kB
.nuxt/dist/server/_nuxt/Checkbox-CDLPJSxq.js                       4.87 kB │ map:   6.09 kB
.nuxt/dist/server/_nuxt/Badge-NTFE8zPq.js                          4.91 kB │ map:   6.32 kB
.nuxt/dist/server/_nuxt/Avatar-CBx6NXk5.js                         5.04 kB │ map:   6.75 kB
.nuxt/dist/server/_nuxt/error-404-DNC3tuwi.js                      5.07 kB │ map:   7.17 kB
.nuxt/dist/server/_nuxt/portal-BLTG7ywv.js                         5.21 kB │ map:   9.46 kB
.nuxt/dist/server/_nuxt/Breadcrumb-Cag7lz-w.js                     5.31 kB │ map:   4.95 kB
.nuxt/dist/server/_nuxt/components-D5RLOpR9.js                     5.60 kB │ map:  14.50 kB
.nuxt/dist/server/_nuxt/MeterGroup-BV6LwsS_.js                     5.64 kB │ map:   9.71 kB
.nuxt/dist/server/_nuxt/FormGroup-jUwssykP.js                      5.66 kB │ map:   6.96 kB
.nuxt/dist/server/_nuxt/Meter-DRL7lJFj.js                          5.71 kB │ map:   7.88 kB
.nuxt/dist/server/_nuxt/RadioGroup-DnPNvloc.js                     5.96 kB │ map:   6.94 kB
.nuxt/dist/server/_nuxt/Textarea-Da68Uww6.js                       6.24 kB │ map:   9.85 kB
.nuxt/dist/server/_nuxt/Form-Da8A1NFL.js                           6.29 kB │ map:  11.02 kB
.nuxt/dist/server/_nuxt/Progress-BNi6gYl8.js                       6.40 kB │ map:  12.10 kB
.nuxt/dist/server/_nuxt/Alert-BxHqwDvj.js                          6.79 kB │ map:   7.72 kB
.nuxt/dist/server/_nuxt/Carousel-DQaGlC9C.js                       7.01 kB │ map:   9.89 kB
.nuxt/dist/server/_nuxt/HorizontalNavigation-CzaVZKrM.js           7.30 kB │ map:   6.46 kB
.nuxt/dist/server/_nuxt/VerticalNavigation-DjrjXQl5.js             7.59 kB │ map:   6.69 kB
.nuxt/dist/server/_nuxt/Button-CMkth-mr.js                         7.80 kB │ map:   9.35 kB
.nuxt/dist/server/_nuxt/Modal-BeF6XFDg.js                          8.74 kB │ map:   7.33 kB
.nuxt/dist/server/_nuxt/Notification-CsZX8CiY.js                   8.83 kB │ map:  12.35 kB
.nuxt/dist/server/_nuxt/Input-Cg9OsLtS.js                          9.13 kB │ map:  13.73 kB
.nuxt/dist/server/_nuxt/Pagination-DF7FzyKw.js                     9.19 kB │ map:  13.01 kB
.nuxt/dist/server/_nuxt/default-Bel6th_c.js                        9.73 kB │ map:  19.69 kB
.nuxt/dist/server/_nuxt/Slideover-c0hApqtk.js                      9.81 kB │ map:   9.06 kB
.nuxt/dist/server/_nuxt/Select-BYgtsgZz.js                        10.57 kB │ map:  15.42 kB
.nuxt/dist/server/_nuxt/Toggle-tNsPBJRu.js                        12.04 kB │ map:  16.64 kB
.nuxt/dist/server/_nuxt/CommandPaletteGroup-DIm_ecQh.js           12.07 kB │ map:  11.85 kB
.nuxt/dist/server/_nuxt/CommandPalette-noZ4qn7j.js                15.85 kB │ map:  17.75 kB
.nuxt/dist/server/_nuxt/Table-4-cEq18p.js                         16.20 kB │ map:  24.40 kB
.nuxt/dist/server/_nuxt/Accordion--y63Onus.js                     17.07 kB │ map:  18.86 kB
.nuxt/dist/server/_nuxt/analytics-RnSPW9BI.js                     17.88 kB │ map:  36.27 kB
.nuxt/dist/server/_nuxt/license-Cfm2MCeS.js                       18.07 kB │ map:  21.76 kB
.nuxt/dist/server/_nuxt/bot-commands-DzTujP91.js                  18.33 kB │ map:  34.19 kB
.nuxt/dist/server/_nuxt/contribution-guide-Cw-pZhM7.js            19.05 kB │ map:  19.57 kB
.nuxt/dist/server/_nuxt/dashboard-C3n27BAI.js                     19.47 kB │ map:  23.16 kB
.nuxt/dist/server/_nuxt/orders-PpKj65Nq.js                        19.90 kB │ map:  41.52 kB
.nuxt/dist/server/_nuxt/bots-BnAOkfjA.js                          20.27 kB │ map:  23.61 kB
.nuxt/dist/server/_nuxt/Popover-LuMswdJ3.js                       23.69 kB │ map:  33.06 kB
.nuxt/dist/server/_nuxt/Tabs-BA-VGK81.js                          24.79 kB │ map:  28.90 kB
.nuxt/dist/server/_nuxt/transition-CG5tIsRm.js                    25.00 kB │ map:  43.82 kB
.nuxt/dist/server/_nuxt/combobox-D2aupXSo.js                      26.48 kB │ map:  41.16 kB
.nuxt/dist/server/_nuxt/dashboard-backup-C0wWEG-8.js              28.68 kB │ map:  23.29 kB
.nuxt/dist/server/_nuxt/keyboard-buttons-BCfnWmSm.js              29.15 kB │ map:  42.44 kB
.nuxt/dist/server/_nuxt/InputMenu-CV105MzK.js                     30.45 kB │ map:  30.85 kB
.nuxt/dist/server/_nuxt/development-APhzOOll.js                   32.42 kB │ map:  39.16 kB
.nuxt/dist/server/_nuxt/Dropdown-CVzNln5Z.js                      36.19 kB │ map:  37.35 kB
.nuxt/dist/server/_nuxt/inline-keyboards-BfKJS_G3.js              38.17 kB │ map:  57.38 kB
.nuxt/dist/server/_nuxt/keyword-replies-DIfUHKLE.js               38.78 kB │ map:  70.85 kB
.nuxt/dist/server/_nuxt/usePopper-CMZCG_Qh.js                     45.66 kB │ map: 104.54 kB
.nuxt/dist/server/_nuxt/ui-G7Oicn0a.js                            56.79 kB │ map:  84.66 kB
.nuxt/dist/server/_nuxt/SelectMenu-D72j-RJr.js                    57.17 kB │ map:  65.06 kB
.nuxt/dist/server/_nuxt/users-FX6bDaAf.js                         64.67 kB │ map:  84.09 kB
.nuxt/dist/server/server.mjs                                      91.33 kB │ map: 725.15 kB
.nuxt/dist/server/entry-styles-1.mjs.mjs                         101.21 kB │ map:   0.25 kB
.nuxt/dist/server/entry-styles-2.mjs.mjs                         107.03 kB │ map:   4.56 kB
ℹ ✓ built in 3.43s
✔ Server built in 3446ms
[nitro] ✔ Generated public .output/public
[nitro] ℹ Building Nuxt Nitro server (preset: node-server, compatibility date: 2024-04-03)
"addIcon" is imported from external module "@iconify/vue" but never used in ".nuxt/dist/server/server.mjs" and ".nuxt/dist/server/_nuxt/components-D5RLOpR9.js".
[nitro] ✔ Nuxt Nitro server built
  ├─ .output/server/chunks/_/error-500.mjs (4.88 kB) (2.06 kB gzip)
  ├─ .output/server/chunks/_/error-500.mjs.map (203 B) (166 B gzip)
  ├─ .output/server/chunks/_/icons.mjs (616 kB) (129 kB gzip)
  ├─ .output/server/chunks/_/icons.mjs.map (5.28 kB) (115 B gzip)
  ├─ .output/server/chunks/build/_plugin-vue_export-helper-COMwgem8.mjs (288 B) (205 B gzip)
  ├─ .output/server/chunks/build/_plugin-vue_export-helper-COMwgem8.mjs.map (404 B) (249 B gzip)
  ├─ .output/server/chunks/build/Accordion--y63Onus.mjs (20.1 kB) (4.5 kB gzip)
  ├─ .output/server/chunks/build/Accordion--y63Onus.mjs.map (308 B) (211 B gzip)
  ├─ .output/server/chunks/build/active-element-history-DJ1NL7os.mjs (1.37 kB) (548 B gzip)
  ├─ .output/server/chunks/build/active-element-history-DJ1NL7os.mjs.map (301 B) (198 B gzip)
  ├─ .output/server/chunks/build/Alert-BxHqwDvj.mjs (7.76 kB) (2.13 kB gzip)
  ├─ .output/server/chunks/build/Alert-BxHqwDvj.mjs.map (205 B) (172 B gzip)
  ├─ .output/server/chunks/build/analytics-RnSPW9BI.mjs (20.3 kB) (4.23 kB gzip)
  ├─ .output/server/chunks/build/analytics-RnSPW9BI.mjs.map (10.1 kB) (2.11 kB gzip)
  ├─ .output/server/chunks/build/auth-Dd1UmxXA.mjs (810 B) (370 B gzip)
  ├─ .output/server/chunks/build/auth-Dd1UmxXA.mjs.map (230 B) (170 B gzip)
  ├─ .output/server/chunks/build/Avatar-RiJ55zLR.mjs (5.91 kB) (1.83 kB gzip)
  ├─ .output/server/chunks/build/Avatar-RiJ55zLR.mjs.map (207 B) (173 B gzip)
  ├─ .output/server/chunks/build/AvatarGroup-B678Y04S.mjs (3.34 kB) (1.18 kB gzip)
  ├─ .output/server/chunks/build/AvatarGroup-B678Y04S.mjs.map (260 B) (201 B gzip)
  ├─ .output/server/chunks/build/Badge-Bb9IcqQP.mjs (5.89 kB) (1.73 kB gzip)
  ├─ .output/server/chunks/build/Badge-Bb9IcqQP.mjs.map (205 B) (173 B gzip)
  ├─ .output/server/chunks/build/bot-commands-DzTujP91.mjs (21.8 kB) (4.42 kB gzip)
  ├─ .output/server/chunks/build/bot-commands-DzTujP91.mjs.map (10.1 kB) (1.94 kB gzip)
  ├─ .output/server/chunks/build/bots-BnAOkfjA.mjs (23.9 kB) (4.2 kB gzip)
  ├─ .output/server/chunks/build/bots-BnAOkfjA.mjs.map (9.89 kB) (1.79 kB gzip)
  ├─ .output/server/chunks/build/Breadcrumb-Cag7lz-w.mjs (6.21 kB) (1.91 kB gzip)
  ├─ .output/server/chunks/build/Breadcrumb-Cag7lz-w.mjs.map (217 B) (179 B gzip)
  ├─ .output/server/chunks/build/Button-B1clF2nP.mjs (9.1 kB) (2.28 kB gzip)
  ├─ .output/server/chunks/build/Button-B1clF2nP.mjs.map (207 B) (172 B gzip)
  ├─ .output/server/chunks/build/ButtonGroup-CEm0fqt9.mjs (2.89 kB) (973 B gzip)
  ├─ .output/server/chunks/build/ButtonGroup-CEm0fqt9.mjs.map (250 B) (192 B gzip)
  ├─ .output/server/chunks/build/calculate-active-index-B5ynhl2N.mjs (2.01 kB) (874 B gzip)
  ├─ .output/server/chunks/build/calculate-active-index-B5ynhl2N.mjs.map (400 B) (223 B gzip)
  ├─ .output/server/chunks/build/Card-CV7B2HPk.mjs (4.95 kB) (1.45 kB gzip)
  ├─ .output/server/chunks/build/Card-CV7B2HPk.mjs.map (201 B) (175 B gzip)
  ├─ .output/server/chunks/build/Carousel-DQaGlC9C.mjs (7.62 kB) (2.29 kB gzip)
  ├─ .output/server/chunks/build/Carousel-DQaGlC9C.mjs.map (295 B) (199 B gzip)
  ├─ .output/server/chunks/build/Carousel-styles.Bl2hQAYN.mjs (392 B) (207 B gzip)
  ├─ .output/server/chunks/build/Carousel-styles.Bl2hQAYN.mjs.map (245 B) (180 B gzip)
  ├─ .output/server/chunks/build/Carousel-styles.CJ0nmSk3.mjs (324 B) (200 B gzip)
  ├─ .output/server/chunks/build/Carousel-styles.CJ0nmSk3.mjs.map (218 B) (166 B gzip)
  ├─ .output/server/chunks/build/Carousel.vue-iJesErSU.mjs (348 B) (220 B gzip)
  ├─ .output/server/chunks/build/Carousel.vue-iJesErSU.mjs.map (112 B) (112 B gzip)
  ├─ .output/server/chunks/build/Checkbox-DU9jOqk6.mjs (5.75 kB) (1.84 kB gzip)
  ├─ .output/server/chunks/build/Checkbox-DU9jOqk6.mjs.map (208 B) (176 B gzip)
  ├─ .output/server/chunks/build/Chip-CwJm2tnn.mjs (3.81 kB) (1.33 kB gzip)
  ├─ .output/server/chunks/build/Chip-CwJm2tnn.mjs.map (203 B) (170 B gzip)
  ├─ .output/server/chunks/build/client.precomputed.mjs (83.4 kB) (7.41 kB gzip)
  ├─ .output/server/chunks/build/client.precomputed.mjs.map (77.3 kB) (2.54 kB gzip)
  ├─ .output/server/chunks/build/combobox-D2aupXSo.mjs (29.1 kB) (7.06 kB gzip)
  ├─ .output/server/chunks/build/combobox-D2aupXSo.mjs.map (486 B) (248 B gzip)
  ├─ .output/server/chunks/build/CommandPalette-noZ4qn7j.mjs (18.3 kB) (4.31 kB gzip)
  ├─ .output/server/chunks/build/CommandPalette-noZ4qn7j.mjs.map (225 B) (181 B gzip)
  ├─ .output/server/chunks/build/CommandPaletteGroup-Dpky3S1g.mjs (14.6 kB) (3.28 kB gzip)
  ├─ .output/server/chunks/build/CommandPaletteGroup-Dpky3S1g.mjs.map (235 B) (187 B gzip)
  ├─ .output/server/chunks/build/CommandPaletteGroup-styles.B479_Spv.mjs (421 B) (204 B gzip)
  ├─ .output/server/chunks/build/CommandPaletteGroup-styles.B479_Spv.mjs.map (267 B) (189 B gzip)
  ├─ .output/server/chunks/build/CommandPaletteGroup-styles.TUp_8vvx.mjs (358 B) (198 B gzip)
  ├─ .output/server/chunks/build/CommandPaletteGroup-styles.TUp_8vvx.mjs.map (240 B) (175 B gzip)
  ├─ .output/server/chunks/build/CommandPaletteGroup.vue-D5NflAOD.mjs (303 B) (211 B gzip)
  ├─ .output/server/chunks/build/CommandPaletteGroup.vue-D5NflAOD.mjs.map (123 B) (124 B gzip)
  ├─ .output/server/chunks/build/components-CqoEyeNn.mjs (6.75 kB) (2.1 kB gzip)
  ├─ .output/server/chunks/build/components-CqoEyeNn.mjs.map (427 B) (200 B gzip)
  ├─ .output/server/chunks/build/Container-CU98n4RS.mjs (2.94 kB) (1.15 kB gzip)
  ├─ .output/server/chunks/build/Container-CU98n4RS.mjs.map (211 B) (175 B gzip)
  ├─ .output/server/chunks/build/ContextMenu-CjvrV2EK.mjs (3.9 kB) (1.42 kB gzip)
  ├─ .output/server/chunks/build/ContextMenu-CjvrV2EK.mjs.map (217 B) (177 B gzip)
  ├─ .output/server/chunks/build/contribution-guide-Cw-pZhM7.mjs (22.3 kB) (4.06 kB gzip)
  ├─ .output/server/chunks/build/contribution-guide-Cw-pZhM7.mjs.map (8.85 kB) (1.7 kB gzip)
  ├─ .output/server/chunks/build/dashboard-backup-C0wWEG-8.mjs (32.8 kB) (4.19 kB gzip)
  ├─ .output/server/chunks/build/dashboard-backup-C0wWEG-8.mjs.map (14.9 kB) (2.52 kB gzip)
  ├─ .output/server/chunks/build/dashboard-backup-styles.DsKanNo8.mjs (446 B) (225 B gzip)
  ├─ .output/server/chunks/build/dashboard-backup-styles.DsKanNo8.mjs.map (261 B) (188 B gzip)
  ├─ .output/server/chunks/build/dashboard-backup-styles.GDZALfo3.mjs (370 B) (223 B gzip)
  ├─ .output/server/chunks/build/dashboard-backup-styles.GDZALfo3.mjs.map (234 B) (174 B gzip)
  ├─ .output/server/chunks/build/dashboard-backup.vue-CAfZDVzJ.mjs (385 B) (257 B gzip)
  ├─ .output/server/chunks/build/dashboard-backup.vue-CAfZDVzJ.mjs.map (120 B) (124 B gzip)
  ├─ .output/server/chunks/build/dashboard-C3n27BAI.mjs (21.9 kB) (4.02 kB gzip)
  ├─ .output/server/chunks/build/dashboard-C3n27BAI.mjs.map (7.48 kB) (1.63 kB gzip)
  ├─ .output/server/chunks/build/default-Bel6th_c.mjs (11.4 kB) (3.45 kB gzip)
  ├─ .output/server/chunks/build/default-Bel6th_c.mjs.map (5.05 kB) (1.32 kB gzip)
  ├─ .output/server/chunks/build/description-Y4p4EFv6.mjs (1.44 kB) (704 B gzip)
  ├─ .output/server/chunks/build/description-Y4p4EFv6.mjs.map (218 B) (176 B gzip)
  ├─ .output/server/chunks/build/development-APhzOOll.mjs (36.8 kB) (5.84 kB gzip)
  ├─ .output/server/chunks/build/development-APhzOOll.mjs.map (18 kB) (3.17 kB gzip)
  ├─ .output/server/chunks/build/Divider-Ddhjrdke.mjs (4.93 kB) (1.6 kB gzip)
  ├─ .output/server/chunks/build/Divider-Ddhjrdke.mjs.map (207 B) (171 B gzip)
  ├─ .output/server/chunks/build/Dropdown-YMSaHnp6.mjs (43.8 kB) (7.84 kB gzip)
  ├─ .output/server/chunks/build/Dropdown-YMSaHnp6.mjs.map (314 B) (219 B gzip)
  ├─ .output/server/chunks/build/entry-styles.BlcjqpL5.mjs (208 kB) (29.7 kB gzip)
  ├─ .output/server/chunks/build/entry-styles.BlcjqpL5.mjs.map (269 B) (189 B gzip)
  ├─ .output/server/chunks/build/error-404-DNC3tuwi.mjs (5.74 kB) (2.31 kB gzip)
  ├─ .output/server/chunks/build/error-404-DNC3tuwi.mjs.map (205 B) (170 B gzip)
  ├─ .output/server/chunks/build/error-404-styles.DINfcUux.mjs (397 B) (218 B gzip)
  ├─ .output/server/chunks/build/error-404-styles.DINfcUux.mjs.map (247 B) (182 B gzip)
  ├─ .output/server/chunks/build/error-404-styles.Zz7akOvl.mjs (328 B) (213 B gzip)
  ├─ .output/server/chunks/build/error-404-styles.Zz7akOvl.mjs.map (220 B) (169 B gzip)
  ├─ .output/server/chunks/build/error-404.vue-DwfotqHI.mjs (4.15 kB) (1.29 kB gzip)
  ├─ .output/server/chunks/build/error-404.vue-DwfotqHI.mjs.map (113 B) (117 B gzip)
  ├─ .output/server/chunks/build/error-500-BUETGIOb.mjs (4.96 kB) (2.04 kB gzip)
  ├─ .output/server/chunks/build/error-500-BUETGIOb.mjs.map (205 B) (173 B gzip)
  ├─ .output/server/chunks/build/error-500-styles.CQ9QMcfF.mjs (328 B) (209 B gzip)
  ├─ .output/server/chunks/build/error-500-styles.CQ9QMcfF.mjs.map (220 B) (169 B gzip)
  ├─ .output/server/chunks/build/error-500-styles.D6FpyxNC.mjs (397 B) (217 B gzip)
  ├─ .output/server/chunks/build/error-500-styles.D6FpyxNC.mjs.map (247 B) (182 B gzip)
  ├─ .output/server/chunks/build/error-500.vue-dSvJTKF3.mjs (2.1 kB) (835 B gzip)
  ├─ .output/server/chunks/build/error-500.vue-dSvJTKF3.mjs.map (113 B) (119 B gzip)
  ├─ .output/server/chunks/build/focus-management-DFaZHIRF.mjs (4.55 kB) (1.85 kB gzip)
  ├─ .output/server/chunks/build/focus-management-DFaZHIRF.mjs.map (382 B) (215 B gzip)
  ├─ .output/server/chunks/build/form-1BInePM-.mjs (1.28 kB) (620 B gzip)
  ├─ .output/server/chunks/build/form-1BInePM-.mjs.map (278 B) (195 B gzip)
  ├─ .output/server/chunks/build/Form-Da8A1NFL.mjs (6.91 kB) (2.08 kB gzip)
  ├─ .output/server/chunks/build/Form-Da8A1NFL.mjs.map (215 B) (181 B gzip)
  ├─ .output/server/chunks/build/FormGroup-C-BMHVTQ.mjs (6.74 kB) (1.78 kB gzip)
  ├─ .output/server/chunks/build/FormGroup-C-BMHVTQ.mjs.map (210 B) (177 B gzip)
  ├─ .output/server/chunks/build/hidden-Bsn3DsxF.mjs (1.27 kB) (605 B gzip)
  ├─ .output/server/chunks/build/hidden-Bsn3DsxF.mjs.map (201 B) (167 B gzip)
  ├─ .output/server/chunks/build/HorizontalNavigation-CzaVZKrM.mjs (8.56 kB) (2.21 kB gzip)
  ├─ .output/server/chunks/build/HorizontalNavigation-CzaVZKrM.mjs.map (237 B) (185 B gzip)
  ├─ .output/server/chunks/build/Icon-BQxbVddL.mjs (1.92 kB) (779 B gzip)
  ├─ .output/server/chunks/build/Icon-BQxbVddL.mjs.map (203 B) (172 B gzip)
  ├─ .output/server/chunks/build/index-styles.DyNgxd-K.mjs (304 B) (201 B gzip)
  ├─ .output/server/chunks/build/index-styles.DyNgxd-K.mjs.map (212 B) (166 B gzip)
  ├─ .output/server/chunks/build/index-styles.vr9JTQhw.mjs (371 B) (203 B gzip)
  ├─ .output/server/chunks/build/index-styles.vr9JTQhw.mjs.map (239 B) (180 B gzip)
  ├─ .output/server/chunks/build/index.vue-DWTXSh-v.mjs (254 B) (187 B gzip)
  ├─ .output/server/chunks/build/index.vue-DWTXSh-v.mjs.map (109 B) (114 B gzip)
  ├─ .output/server/chunks/build/inline-keyboards-BfKJS_G3.mjs (45.2 kB) (7.1 kB gzip)
  ├─ .output/server/chunks/build/inline-keyboards-BfKJS_G3.mjs.map (22.1 kB) (4.24 kB gzip)
  ├─ .output/server/chunks/build/Input-CbhZIhGI.mjs (10.4 kB) (2.6 kB gzip)
  ├─ .output/server/chunks/build/Input-CbhZIhGI.mjs.map (202 B) (172 B gzip)
  ├─ .output/server/chunks/build/InputMenu-CV105MzK.mjs (35.1 kB) (6.08 kB gzip)
  ├─ .output/server/chunks/build/InputMenu-CV105MzK.mjs.map (210 B) (175 B gzip)
  ├─ .output/server/chunks/build/Kbd-B6q0WgYi.mjs (2.94 kB) (1.17 kB gzip)
  ├─ .output/server/chunks/build/Kbd-B6q0WgYi.mjs.map (201 B) (171 B gzip)
  ├─ .output/server/chunks/build/keyboard-buttons-BCfnWmSm.mjs (34.5 kB) (5.75 kB gzip)
  ├─ .output/server/chunks/build/keyboard-buttons-BCfnWmSm.mjs.map (16.3 kB) (3.23 kB gzip)
  ├─ .output/server/chunks/build/keyboard-CvjRf4Wb.mjs (4.87 kB) (2.05 kB gzip)
  ├─ .output/server/chunks/build/keyboard-CvjRf4Wb.mjs.map (496 B) (232 B gzip)
  ├─ .output/server/chunks/build/keyword-replies-DIfUHKLE.mjs (46.2 kB) (6 kB gzip)
  ├─ .output/server/chunks/build/keyword-replies-DIfUHKLE.mjs.map (22.4 kB) (3.72 kB gzip)
  ├─ .output/server/chunks/build/license-Cfm2MCeS.mjs (22.4 kB) (4.6 kB gzip)
  ├─ .output/server/chunks/build/license-Cfm2MCeS.mjs.map (9.92 kB) (1.98 kB gzip)
  ├─ .output/server/chunks/build/Link-CL8ivRbg.mjs (7.99 kB) (2.35 kB gzip)
  ├─ .output/server/chunks/build/Link-CL8ivRbg.mjs.map (259 B) (194 B gzip)
  ├─ .output/server/chunks/build/logo-C6xj12lo.mjs (194 B) (170 B gzip)
  ├─ .output/server/chunks/build/logo-C6xj12lo.mjs.map (192 B) (160 B gzip)
  ├─ .output/server/chunks/build/Meter-DRL7lJFj.mjs (6.6 kB) (1.96 kB gzip)
  ├─ .output/server/chunks/build/Meter-DRL7lJFj.mjs.map (205 B) (173 B gzip)
  ├─ .output/server/chunks/build/MeterGroup-BV6LwsS_.mjs (7.17 kB) (2.14 kB gzip)
  ├─ .output/server/chunks/build/MeterGroup-BV6LwsS_.mjs.map (264 B) (206 B gzip)
  ├─ .output/server/chunks/build/micro-task-CYdHJ3PN.mjs (220 B) (193 B gzip)
  ├─ .output/server/chunks/build/micro-task-CYdHJ3PN.mjs.map (199 B) (169 B gzip)
  ├─ .output/server/chunks/build/Modal-BbhoxMMu.mjs (10.6 kB) (2.41 kB gzip)
  ├─ .output/server/chunks/build/Modal-BbhoxMMu.mjs.map (205 B) (172 B gzip)
  ├─ .output/server/chunks/build/Notification-DJwR7WOQ.mjs (10.1 kB) (2.77 kB gzip)
  ├─ .output/server/chunks/build/Notification-DJwR7WOQ.mjs.map (294 B) (203 B gzip)
  ├─ .output/server/chunks/build/Notifications-D82kc3kv.mjs (4.43 kB) (1.61 kB gzip)
  ├─ .output/server/chunks/build/Notifications-D82kc3kv.mjs.map (221 B) (181 B gzip)
  ├─ .output/server/chunks/build/open-closed-Dsm1EOia.mjs (402 B) (266 B gzip)
  ├─ .output/server/chunks/build/open-closed-Dsm1EOia.mjs.map (207 B) (169 B gzip)
  ├─ .output/server/chunks/build/orders-PpKj65Nq.mjs (22.8 kB) (4.61 kB gzip)
  ├─ .output/server/chunks/build/orders-PpKj65Nq.mjs.map (11.8 kB) (2.4 kB gzip)
  ├─ .output/server/chunks/build/pages-9WyMgO--.mjs (5.33 kB) (1.83 kB gzip)
  ├─ .output/server/chunks/build/pages-9WyMgO--.mjs.map (1.9 kB) (561 B gzip)
  ├─ .output/server/chunks/build/Pagination-DF7FzyKw.mjs (10.7 kB) (2.63 kB gzip)
  ├─ .output/server/chunks/build/Pagination-DF7FzyKw.mjs.map (217 B) (180 B gzip)
  ├─ .output/server/chunks/build/Popover-LuMswdJ3.mjs (26.9 kB) (6.59 kB gzip)
  ├─ .output/server/chunks/build/Popover-LuMswdJ3.mjs.map (346 B) (230 B gzip)
  ├─ .output/server/chunks/build/portal-BLTG7ywv.mjs (5.57 kB) (2.01 kB gzip)
  ├─ .output/server/chunks/build/portal-BLTG7ywv.mjs.map (594 B) (280 B gzip)
  ├─ .output/server/chunks/build/Progress-CDhee4s0.mjs (7.45 kB) (2.1 kB gzip)
  ├─ .output/server/chunks/build/Progress-CDhee4s0.mjs.map (211 B) (172 B gzip)
  ├─ .output/server/chunks/build/Progress-styles.CvsQSy7m.mjs (392 B) (204 B gzip)
  ├─ .output/server/chunks/build/Progress-styles.CvsQSy7m.mjs.map (245 B) (179 B gzip)
  ├─ .output/server/chunks/build/Progress-styles.DykUmswg.mjs (324 B) (199 B gzip)
  ├─ .output/server/chunks/build/Progress-styles.DykUmswg.mjs.map (218 B) (166 B gzip)
  ├─ .output/server/chunks/build/Progress.vue-BMScRewe.mjs (3.75 kB) (581 B gzip)
  ├─ .output/server/chunks/build/Progress.vue-BMScRewe.mjs.map (112 B) (116 B gzip)
  ├─ .output/server/chunks/build/Radio-aeVn_7jN.mjs (5.66 kB) (1.81 kB gzip)
  ├─ .output/server/chunks/build/Radio-aeVn_7jN.mjs.map (202 B) (172 B gzip)
  ├─ .output/server/chunks/build/RadioGroup-DnPNvloc.mjs (6.93 kB) (1.97 kB gzip)
  ├─ .output/server/chunks/build/RadioGroup-DnPNvloc.mjs.map (212 B) (175 B gzip)
  ├─ .output/server/chunks/build/Range-DmYjY98D.mjs (5.55 kB) (1.74 kB gzip)
  ├─ .output/server/chunks/build/Range-DmYjY98D.mjs.map (202 B) (172 B gzip)
  ├─ .output/server/chunks/build/Select-Cx-ISQOC.mjs (12 kB) (2.86 kB gzip)
  ├─ .output/server/chunks/build/Select-Cx-ISQOC.mjs.map (204 B) (173 B gzip)
  ├─ .output/server/chunks/build/Select-styles.C2Tiuw2F.mjs (312 B) (202 B gzip)
  ├─ .output/server/chunks/build/Select-styles.C2Tiuw2F.mjs.map (214 B) (166 B gzip)
  ├─ .output/server/chunks/build/Select-styles.CXEa8EWu.mjs (378 B) (206 B gzip)
  ├─ .output/server/chunks/build/Select-styles.CXEa8EWu.mjs.map (241 B) (179 B gzip)
  ├─ .output/server/chunks/build/Select.vue-CjRSPItk.mjs (255 B) (184 B gzip)
  ├─ .output/server/chunks/build/Select.vue-CjRSPItk.mjs.map (110 B) (111 B gzip)
  ├─ .output/server/chunks/build/SelectMenu-D72j-RJr.mjs (66.1 kB) (11 kB gzip)
  ├─ .output/server/chunks/build/SelectMenu-D72j-RJr.mjs.map (323 B) (223 B gzip)
  ├─ .output/server/chunks/build/server.mjs (90.7 kB) (23.9 kB gzip)
  ├─ .output/server/chunks/build/server.mjs.map (13.7 kB) (2.27 kB gzip)
  ├─ .output/server/chunks/build/Skeleton-DTw_175A.mjs (2.66 kB) (1.06 kB gzip)
  ├─ .output/server/chunks/build/Skeleton-DTw_175A.mjs.map (209 B) (176 B gzip)
  ├─ .output/server/chunks/build/Slideover-c0hApqtk.mjs (11.5 kB) (2.62 kB gzip)
  ├─ .output/server/chunks/build/Slideover-c0hApqtk.mjs.map (213 B) (177 B gzip)
  ├─ .output/server/chunks/build/styles.mjs (2.68 kB) (646 B gzip)
  ├─ .output/server/chunks/build/styles.mjs.map (1.4 kB) (345 B gzip)
  ├─ .output/server/chunks/build/Table-4-cEq18p.mjs (18.2 kB) (4.42 kB gzip)
  ├─ .output/server/chunks/build/Table-4-cEq18p.mjs.map (205 B) (174 B gzip)
  ├─ .output/server/chunks/build/Tabs-BA-VGK81.mjs (29 kB) (6.26 kB gzip)
  ├─ .output/server/chunks/build/Tabs-BA-VGK81.mjs.map (403 B) (249 B gzip)
  ├─ .output/server/chunks/build/Textarea-ClW9ULmm.mjs (7.28 kB) (2.21 kB gzip)
  ├─ .output/server/chunks/build/Textarea-ClW9ULmm.mjs.map (208 B) (173 B gzip)
  ├─ .output/server/chunks/build/Toggle-D7wSDC1Y.mjs (13.7 kB) (3.71 kB gzip)
  ├─ .output/server/chunks/build/Toggle-D7wSDC1Y.mjs.map (358 B) (215 B gzip)
  ├─ .output/server/chunks/build/Tooltip-eZfphyc4.mjs (5.67 kB) (1.89 kB gzip)
  ├─ .output/server/chunks/build/Tooltip-eZfphyc4.mjs.map (209 B) (176 B gzip)
  ├─ .output/server/chunks/build/transition-CG5tIsRm.mjs (27.3 kB) (7.56 kB gzip)
  ├─ .output/server/chunks/build/transition-CG5tIsRm.mjs.map (1.24 kB) (386 B gzip)
  ├─ .output/server/chunks/build/ui-G7Oicn0a.mjs (59.9 kB) (9.86 kB gzip)
  ├─ .output/server/chunks/build/ui-G7Oicn0a.mjs.map (3.82 kB) (581 B gzip)
  ├─ .output/server/chunks/build/use-outside-click-B4rja7ys.mjs (2.29 kB) (909 B gzip)
  ├─ .output/server/chunks/build/use-outside-click-B4rja7ys.mjs.map (490 B) (244 B gzip)
  ├─ .output/server/chunks/build/use-resolve-button-type-eioNRL5V.mjs (576 B) (366 B gzip)
  ├─ .output/server/chunks/build/use-resolve-button-type-eioNRL5V.mjs.map (228 B) (179 B gzip)
  ├─ .output/server/chunks/build/use-text-value-BRFxtlLF.mjs (1.39 kB) (715 B gzip)
  ├─ .output/server/chunks/build/use-text-value-BRFxtlLF.mjs.map (296 B) (196 B gzip)
  ├─ .output/server/chunks/build/useButtonGroup-1gNuWR3y.mjs (1.89 kB) (661 B gzip)
  ├─ .output/server/chunks/build/useButtonGroup-1gNuWR3y.mjs.map (214 B) (178 B gzip)
  ├─ .output/server/chunks/build/useFormGroup-ZK-CpXpd.mjs (2.35 kB) (679 B gzip)
  ├─ .output/server/chunks/build/useFormGroup-ZK-CpXpd.mjs.map (210 B) (173 B gzip)
  ├─ .output/server/chunks/build/usePopper-CMZCG_Qh.mjs (47.4 kB) (10.5 kB gzip)
  ├─ .output/server/chunks/build/usePopper-CMZCG_Qh.mjs.map (4.46 kB) (861 B gzip)
  ├─ .output/server/chunks/build/users-FX6bDaAf.mjs (77.9 kB) (10.1 kB gzip)
  ├─ .output/server/chunks/build/users-FX6bDaAf.mjs.map (42.4 kB) (6.51 kB gzip)
  ├─ .output/server/chunks/build/useToast-C_VA77Lb.mjs (978 B) (441 B gzip)
  ├─ .output/server/chunks/build/useToast-C_VA77Lb.mjs.map (202 B) (170 B gzip)
  ├─ .output/server/chunks/build/VerticalNavigation-DjrjXQl5.mjs (8.87 kB) (2.29 kB gzip)
  ├─ .output/server/chunks/build/VerticalNavigation-DjrjXQl5.mjs.map (233 B) (184 B gzip)
  ├─ .output/server/chunks/nitro/nitro.mjs (217 kB) (53.8 kB gzip)
  ├─ .output/server/chunks/nitro/nitro.mjs.map (3.68 kB) (926 B gzip)
  ├─ .output/server/chunks/routes/api/bot-commands.post.mjs (1.31 kB) (638 B gzip)
  ├─ .output/server/chunks/routes/api/bot-commands.post.mjs.map (950 B) (314 B gzip)
  ├─ .output/server/chunks/routes/api/bot-config.get.mjs (3.36 kB) (1.26 kB gzip)
  ├─ .output/server/chunks/routes/api/bot-config.get.mjs.map (3.15 kB) (603 B gzip)
  ├─ .output/server/chunks/routes/api/bot-config.post.mjs (3.6 kB) (1.34 kB gzip)
  ├─ .output/server/chunks/routes/api/bot-config.post.mjs.map (3.21 kB) (589 B gzip)
  ├─ .output/server/chunks/routes/api/bot-status.get.mjs (3.52 kB) (1.24 kB gzip)
  ├─ .output/server/chunks/routes/api/bot-status.get.mjs.map (3.22 kB) (684 B gzip)
  ├─ .output/server/chunks/routes/api/check-licenses-table.get.mjs (964 B) (477 B gzip)
  ├─ .output/server/chunks/routes/api/check-licenses-table.get.mjs.map (706 B) (276 B gzip)
  ├─ .output/server/chunks/routes/api/debug-users.get.mjs (1.09 kB) (470 B gzip)
  ├─ .output/server/chunks/routes/api/debug-users.get.mjs.map (732 B) (287 B gzip)
  ├─ .output/server/chunks/routes/api/import-users.post.mjs (3.25 kB) (1.24 kB gzip)
  ├─ .output/server/chunks/routes/api/import-users.post.mjs.map (2.4 kB) (568 B gzip)
  ├─ .output/server/chunks/routes/api/init-licenses-table.post.mjs (3.4 kB) (1.24 kB gzip)
  ├─ .output/server/chunks/routes/api/init-licenses-table.post.mjs.map (876 B) (291 B gzip)
  ├─ .output/server/chunks/routes/api/keyword-replies.get.mjs (8.68 kB) (1.87 kB gzip)
  ├─ .output/server/chunks/routes/api/keyword-replies.get.mjs.map (4.61 kB) (599 B gzip)
  ├─ .output/server/chunks/routes/api/keyword-replies.post.mjs (1.81 kB) (740 B gzip)
  ├─ .output/server/chunks/routes/api/keyword-replies.post.mjs.map (1.24 kB) (357 B gzip)
  ├─ .output/server/chunks/routes/api/license/activate-order.post.mjs (7.24 kB) (2.34 kB gzip)
  ├─ .output/server/chunks/routes/api/license/activate-order.post.mjs.map (5.53 kB) (1.02 kB gzip)
  ├─ .output/server/chunks/routes/api/license/deactivate.post.mjs (2.18 kB) (867 B gzip)
  ├─ .output/server/chunks/routes/api/license/deactivate.post.mjs.map (1.46 kB) (389 B gzip)
  ├─ .output/server/chunks/routes/api/license/info.get.mjs (3.08 kB) (1.23 kB gzip)
  ├─ .output/server/chunks/routes/api/license/info.get.mjs.map (2.28 kB) (553 B gzip)
  ├─ .output/server/chunks/routes/api/license/update.post.mjs (1.68 kB) (718 B gzip)
  ├─ .output/server/chunks/routes/api/license/update.post.mjs.map (1.32 kB) (365 B gzip)
  ├─ .output/server/chunks/routes/api/license/upload.post.mjs (1.15 kB) (567 B gzip)
  ├─ .output/server/chunks/routes/api/license/upload.post.mjs.map (793 B) (294 B gzip)
  ├─ .output/server/chunks/routes/api/license/validate-order.post.mjs (5.27 kB) (1.83 kB gzip)
  ├─ .output/server/chunks/routes/api/license/validate-order.post.mjs.map (4.47 kB) (878 B gzip)
  ├─ .output/server/chunks/routes/api/license/validate.post.mjs (1.57 kB) (701 B gzip)
  ├─ .output/server/chunks/routes/api/license/validate.post.mjs.map (1.23 kB) (369 B gzip)
  ├─ .output/server/chunks/routes/api/license/verify.post.mjs (1.25 kB) (594 B gzip)
  ├─ .output/server/chunks/routes/api/license/verify.post.mjs.map (881 B) (301 B gzip)
  ├─ .output/server/chunks/routes/api/login.post.mjs (3.27 kB) (1.19 kB gzip)
  ├─ .output/server/chunks/routes/api/login.post.mjs.map (2.69 kB) (498 B gzip)
  ├─ .output/server/chunks/routes/api/logout.post.mjs (714 B) (387 B gzip)
  ├─ .output/server/chunks/routes/api/logout.post.mjs.map (444 B) (209 B gzip)
  ├─ .output/server/chunks/routes/api/orders.delete.mjs (1.08 kB) (513 B gzip)
  ├─ .output/server/chunks/routes/api/orders.delete.mjs.map (729 B) (276 B gzip)
  ├─ .output/server/chunks/routes/api/orders.get.mjs (1.75 kB) (686 B gzip)
  ├─ .output/server/chunks/routes/api/orders.get.mjs.map (1.13 kB) (314 B gzip)
  ├─ .output/server/chunks/routes/api/orders/retry.post.mjs (4.03 kB) (1.37 kB gzip)
  ├─ .output/server/chunks/routes/api/orders/retry.post.mjs.map (3.03 kB) (617 B gzip)
  ├─ .output/server/chunks/routes/api/restart-bot.post.mjs (9.58 kB) (2.36 kB gzip)
  ├─ .output/server/chunks/routes/api/restart-bot.post.mjs.map (7.21 kB) (1.17 kB gzip)
  ├─ .output/server/chunks/routes/api/stats.get.mjs (1.35 kB) (638 B gzip)
  ├─ .output/server/chunks/routes/api/stats.get.mjs.map (1.07 kB) (327 B gzip)
  ├─ .output/server/chunks/routes/api/system-users.delete.mjs (1.95 kB) (794 B gzip)
  ├─ .output/server/chunks/routes/api/system-users.delete.mjs.map (1.45 kB) (393 B gzip)
  ├─ .output/server/chunks/routes/api/system-users.get.mjs (2.72 kB) (1.03 kB gzip)
  ├─ .output/server/chunks/routes/api/system-users.get.mjs.map (2.15 kB) (483 B gzip)
  ├─ .output/server/chunks/routes/api/system-users.post.mjs (3.31 kB) (1.2 kB gzip)
  ├─ .output/server/chunks/routes/api/system-users.post.mjs.map (2.5 kB) (485 B gzip)
  ├─ .output/server/chunks/routes/api/system-users.put.mjs (4.45 kB) (1.43 kB gzip)
  ├─ .output/server/chunks/routes/api/system-users.put.mjs.map (3.53 kB) (617 B gzip)
  ├─ .output/server/chunks/routes/api/system-users/_id_.get.mjs (1.16 kB) (568 B gzip)
  ├─ .output/server/chunks/routes/api/system-users/_id_.get.mjs.map (830 B) (301 B gzip)
  ├─ .output/server/chunks/routes/api/system/restart.post.mjs (1.28 kB) (649 B gzip)
  ├─ .output/server/chunks/routes/api/system/restart.post.mjs.map (950 B) (331 B gzip)
  ├─ .output/server/chunks/routes/api/system/update-apply.post.mjs (2.01 kB) (822 B gzip)
  ├─ .output/server/chunks/routes/api/system/update-apply.post.mjs.map (1.58 kB) (387 B gzip)
  ├─ .output/server/chunks/routes/api/system/update-backup.post.mjs (2.16 kB) (856 B gzip)
  ├─ .output/server/chunks/routes/api/system/update-backup.post.mjs.map (1.73 kB) (411 B gzip)
  ├─ .output/server/chunks/routes/api/system/update-download.post.mjs (1.86 kB) (782 B gzip)
  ├─ .output/server/chunks/routes/api/system/update-download.post.mjs.map (1.51 kB) (397 B gzip)
  ├─ .output/server/chunks/routes/api/system/update-extract.post.mjs (1.84 kB) (766 B gzip)
  ├─ .output/server/chunks/routes/api/system/update-extract.post.mjs.map (1.43 kB) (386 B gzip)
  ├─ .output/server/chunks/routes/api/system/update-progress.get.mjs (2.04 kB) (797 B gzip)
  ├─ .output/server/chunks/routes/api/system/update-progress.get.mjs.map (1.83 kB) (458 B gzip)
  ├─ .output/server/chunks/routes/api/system/version-check.get.mjs (5.32 kB) (1.77 kB gzip)
  ├─ .output/server/chunks/routes/api/system/version-check.get.mjs.map (4.45 kB) (865 B gzip)
  ├─ .output/server/chunks/routes/api/test-db.get.mjs (1.13 kB) (567 B gzip)
  ├─ .output/server/chunks/routes/api/test-db.get.mjs.map (838 B) (294 B gzip)
  ├─ .output/server/chunks/routes/api/tg-users.get.mjs (6.72 kB) (1.76 kB gzip)
  ├─ .output/server/chunks/routes/api/tg-users.get.mjs.map (6.11 kB) (934 B gzip)
  ├─ .output/server/chunks/routes/api/users.get.mjs (1.51 kB) (600 B gzip)
  ├─ .output/server/chunks/routes/api/users.get.mjs.map (1.04 kB) (285 B gzip)
  ├─ .output/server/chunks/routes/renderer.mjs (13.7 kB) (4.27 kB gzip)
  ├─ .output/server/chunks/routes/renderer.mjs.map (785 B) (278 B gzip)
  ├─ .output/server/chunks/virtual/_virtual_spa-template.mjs (94 B) (100 B gzip)
  ├─ .output/server/chunks/virtual/_virtual_spa-template.mjs.map (112 B) (111 B gzip)
  ├─ .output/server/index.mjs (421 B) (239 B gzip)
  └─ .output/server/package.json (2.23 kB) (828 B gzip)
Σ Total size: 7.3 MB (1.93 MB gzip)
[nitro] ✔ You can preview this build using node .output/server/index.mjs
